// Jest Snapshot v1, https://goo.gl/fbAQLP

exports[`matches snapshot 1`] = `
<DocumentFragment>
  <div
    class="css-ug4a5h"
  >
    <div
      class="css-19pkskf"
    >
      <div
        class="chakra-stack css-pa7cn"
      >
        <h3
          class="chakra-heading css-k154rz"
        >
          Live Football World Cup Scoreboard
        </h3>
      </div>
      <div
        class="css-70qvj9"
      />
    </div>
  </div>
  <span
    hidden=""
    id="__chakra_env"
  />
</DocumentFragment>
`;
